(node:40261) NOTE: The AWS SDK for JavaScript (v2) is in maintenance mode.
 SDK releases are limited to address critical bug fixes and security issues only.

Please migrate your code to use AWS SDK for JavaScript (v3).
For more information, check the blog post at https://a.co/cUPnyil
(Use `node --trace-warnings ...` to show where the warning was created)
Executing (default): SELECT 1+1 AS result
✅ Database connected successfully
Executing (default): SELECT table_name FROM information_schema.tables WHERE table_schema = 'public' AND table_name = 'users'
Executing (default): SELECT pk.constraint_type as "Constraint",c.column_name as "Field", c.column_default as "Default",c.is_nullable as "Null", (CASE WHEN c.udt_name = 'hstore' THEN c.udt_name ELSE c.data_type END) || (CASE WHEN c.character_maximum_length IS NOT NULL THEN '(' || c.character_maximum_length || ')' ELSE '' END) as "Type", (SELECT array_agg(e.enumlabel) FROM pg_catalog.pg_type t JOIN pg_catalog.pg_enum e ON t.oid=e.enumtypid WHERE t.typname=c.udt_name) AS "special", (SELECT pgd.description FROM pg_catalog.pg_statio_all_tables AS st INNER JOIN pg_catalog.pg_description pgd on (pgd.objoid=st.relid) WHERE c.ordinal_position=pgd.objsubid AND c.table_name=st.relname) AS "Comment" FROM information_schema.columns c LEFT JOIN (SELECT tc.table_schema, tc.table_name, cu.column_name, tc.constraint_type FROM information_schema.TABLE_CONSTRAINTS tc JOIN information_schema.KEY_COLUMN_USAGE  cu ON tc.table_schema=cu.table_schema and tc.table_name=cu.table_name and tc.constraint_name=cu.constraint_name and tc.constraint_type='PRIMARY KEY') pk ON pk.table_schema=c.table_schema AND pk.table_name=c.table_name AND pk.column_name=c.column_name WHERE c.table_name = 'users' AND c.table_schema = 'public'
Executing (default): SELECT DISTINCT tc.constraint_name as constraint_name, tc.constraint_schema as constraint_schema, tc.constraint_catalog as constraint_catalog, tc.table_name as table_name,tc.table_schema as table_schema,tc.table_catalog as table_catalog,tc.initially_deferred as initially_deferred,tc.is_deferrable as is_deferrable,kcu.column_name as column_name,ccu.table_schema  AS referenced_table_schema,ccu.table_catalog  AS referenced_table_catalog,ccu.table_name  AS referenced_table_name,ccu.column_name AS referenced_column_name FROM information_schema.table_constraints AS tc JOIN information_schema.key_column_usage AS kcu ON tc.constraint_name = kcu.constraint_name JOIN information_schema.constraint_column_usage AS ccu ON ccu.constraint_name = tc.constraint_name WHERE constraint_type = 'FOREIGN KEY' AND tc.table_name = 'users' AND tc.table_catalog = 'postgres'
Executing (default): ALTER TABLE "users" ALTER COLUMN "email" SET NOT NULL;ALTER TABLE "users" ALTER COLUMN "email" DROP DEFAULT;ALTER TABLE "users"  ADD UNIQUE ("email");ALTER TABLE "users" ALTER COLUMN "email" TYPE VARCHAR(255)  ;
Executing (default): ALTER TABLE "users" ALTER COLUMN "password_hash" SET NOT NULL;ALTER TABLE "users" ALTER COLUMN "password_hash" DROP DEFAULT;ALTER TABLE "users" ALTER COLUMN "password_hash" TYPE VARCHAR(255);
Executing (default): ALTER TABLE "users" ALTER COLUMN "is_active" DROP NOT NULL;ALTER TABLE "users" ALTER COLUMN "is_active" SET DEFAULT true;ALTER TABLE "users" ALTER COLUMN "is_active" TYPE BOOLEAN;
Executing (default): ALTER TABLE "users" ALTER COLUMN "last_login" DROP NOT NULL;ALTER TABLE "users" ALTER COLUMN "last_login" DROP DEFAULT;ALTER TABLE "users" ALTER COLUMN "last_login" TYPE TIMESTAMP WITH TIME ZONE;
Executing (default): ALTER TABLE "users" ALTER COLUMN "created_at" SET NOT NULL;ALTER TABLE "users" ALTER COLUMN "created_at" DROP DEFAULT;ALTER TABLE "users" ALTER COLUMN "created_at" TYPE TIMESTAMP WITH TIME ZONE;
Executing (default): ALTER TABLE "users" ALTER COLUMN "updated_at" SET NOT NULL;ALTER TABLE "users" ALTER COLUMN "updated_at" DROP DEFAULT;ALTER TABLE "users" ALTER COLUMN "updated_at" TYPE TIMESTAMP WITH TIME ZONE;
Executing (default): SELECT i.relname AS name, ix.indisprimary AS primary, ix.indisunique AS unique, ix.indkey AS indkey, array_agg(a.attnum) as column_indexes, array_agg(a.attname) AS column_names, pg_get_indexdef(ix.indexrelid) AS definition FROM pg_class t, pg_class i, pg_index ix, pg_attribute a WHERE t.oid = ix.indrelid AND i.oid = ix.indexrelid AND a.attrelid = t.oid AND t.relkind = 'r' and t.relname = 'users' GROUP BY i.relname, ix.indexrelid, ix.indisprimary, ix.indisunique, ix.indkey ORDER BY i.relname;
✅ Database synchronized
🚀 Server running on port 3000
📱 Environment: development
🔗 Health check: http://localhost:3000/health
Executing (default): SELECT "id", "email", "password_hash", "is_active", "last_login", "created_at", "updated_at" FROM "users" AS "User" WHERE "User"."id" = 1;
Executing (default): SELECT "id", "email", "password_hash", "is_active", "last_login", "created_at", "updated_at" FROM "users" AS "User" WHERE "User"."id" = 1;
